This is LuaHBTeX, Version 1.22.0 (TeX Live 2025/nixos.org)  (format=lualatex 1980.1.1)  15 JUL 2026 14:00
 restricted system commands enabled.
**keybinds.tex
(./keybinds.tex
LaTeX2e <2025-11-01>
L3 programming layer <2026-01-19>
Lua module: luaotfload 2024-12-03 v3.29 Lua based OpenType font support
Lua module: lualibs 2023-07-13 v2.76 ConTeXt Lua standard libraries.
Lua module: lualibs-extended 2023-07-13 v2.76 ConTeXt Lua libraries -- extended 
collection.
luaotfload | conf : Root cache directory is "/home/cheon/.texlive2025/texmf-var/
luatex-cache/generic/names".
luaotfload | init : Loading fontloader "fontloader-2023-12-28.lua" from kpse-res
olved path "/nix/store/wf1w3ggfd22nahnpsrpr3fvsmzwsxkij-texlive-combined-2025-te
xmfdist/tex/luatex/luaotfload/fontloader-2023-12-28.lua".
Lua-only attribute luaotfload@noligature = 1
luaotfload | init : Context OpenType loader version 3.134
Inserting `luaotfload.node_processor' in `pre_linebreak_filter'.
Inserting `luaotfload.node_processor' in `hpack_filter'.
Inserting `luaotfload.glyph_stream' in `glyph_stream_provider'.
Inserting `luaotfload.define_font' in `define_font'.
Lua-only attribute luaotfload_color_attribute = 2
luaotfload | conf : Root cache directory is "/home/cheon/.texlive2025/texmf-var/
luatex-cache/generic/names".
Inserting `luaotfload.harf.strip_prefix' in `find_opentype_file'.
Inserting `luaotfload.harf.strip_prefix' in `find_truetype_file'.
Removing  `luaotfload.glyph_stream' from `glyph_stream_provider'.
Inserting `luaotfload.harf.glyphstream' in `glyph_stream_provider'.
Inserting `luaotfload.harf.finalize_vlist' in `post_linebreak_filter'.
Inserting `luaotfload.harf.finalize_hlist' in `hpack_filter'.
Inserting `luaotfload.cleanup_files' in `wrapup_run'.
Inserting `luaotfload.harf.finalize_unicode' in `finish_pdffile'.
Inserting `luaotfload.glyphinfo' in `glyph_info'.
Lua-only attribute luaotfload.letterspace_done = 3
Inserting `luaotfload.aux.set_sscale_dimens' in `luaotfload.patch_font'.
Inserting `luaotfload.aux.set_font_index' in `luaotfload.patch_font'.
Inserting `luaotfload.aux.patch_cambria_domh' in `luaotfload.patch_font'.
Inserting `luaotfload.aux.fixup_fontdata' in `luaotfload.patch_font_unsafe'.
Inserting `luaotfload.aux.set_capheight' in `luaotfload.patch_font'.
Inserting `luaotfload.aux.set_xheight' in `luaotfload.patch_font'.
Inserting `luaotfload.rewrite_fontname' in `luaotfload.patch_font'.
Inserting `tracingstacklevels' in `input_level_string'.
(/nix/store/wf1w3ggfd22nahnpsrpr3fvsmzwsxkij-texlive-combined-2025-texmfdist/te
x/latex/base/article.cls
Document Class: article 2025/01/22 v1.4n Standard LaTeX document class

(/nix/store/wf1w3ggfd22nahnpsrpr3fvsmzwsxkij-texlive-combined-2025-texmfdist/te
x/latex/base/size12.clo
File: size12.clo 2025/01/22 v1.4n Standard LaTeX file (size option)
luaotfload | db : Font names database loaded from /home/cheon/.texlive2025/texmf
-var/luatex-cache/generic/names/luaotfload-names.luc.gz)
\c@part=\count273
\c@section=\count274
\c@subsection=\count275
\c@subsubsection=\count276
\c@paragraph=\count277
\c@subparagraph=\count278
\c@figure=\count279
\c@table=\count280
\abovecaptionskip=\skip49
\belowcaptionskip=\skip50
\bibindent=\dimen147
)
(/nix/store/wf1w3ggfd22nahnpsrpr3fvsmzwsxkij-texlive-combined-2025-texmfdist/te
x/latex/geometry/geometry.sty
Package: geometry 2020/01/02 v5.9 Page Geometry

(/nix/store/wf1w3ggfd22nahnpsrpr3fvsmzwsxkij-texlive-combined-2025-texmfdist/te
x/latex/graphics/keyval.sty
Package: keyval 2022/05/29 v1.15 key=value parser (DPC)
\KV@toks@=\toks17
)
(/nix/store/wf1w3ggfd22nahnpsrpr3fvsmzwsxkij-texlive-combined-2025-texmfdist/te
x/generic/iftex/ifvtex.sty
Package: ifvtex 2019/10/25 v1.7 ifvtex legacy package. Use iftex instead.

(/nix/store/wf1w3ggfd22nahnpsrpr3fvsmzwsxkij-texlive-combined-2025-texmfdist/te
x/generic/iftex/iftex.sty
Package: iftex 2024/12/12 v1.0g TeX engine tests
))
\Gm@cnth=\count281
\Gm@cntv=\count282
\c@Gm@tempcnt=\count283
\Gm@bindingoffset=\dimen148
\Gm@wd@mp=\dimen149
\Gm@odd@mp=\dimen150
\Gm@even@mp=\dimen151
\Gm@layoutwidth=\dimen152
\Gm@layoutheight=\dimen153
\Gm@layouthoffset=\dimen154
\Gm@layoutvoffset=\dimen155
\Gm@dimlist=\toks18
)
(/nix/store/wf1w3ggfd22nahnpsrpr3fvsmzwsxkij-texlive-combined-2025-texmfdist/te
x/latex/amsfonts/amssymb.sty
Package: amssymb 2013/01/14 v3.01 AMS font symbols

(/nix/store/wf1w3ggfd22nahnpsrpr3fvsmzwsxkij-texlive-combined-2025-texmfdist/te
x/latex/amsfonts/amsfonts.sty
Package: amsfonts 2013/01/14 v3.01 Basic AMSFonts support
\@emptytoks=\toks19
\symAMSa=\mathgroup4
\symAMSb=\mathgroup5
LaTeX Font Info:    Redeclaring math symbol \hbar on input line 98.
LaTeX Font Info:    Overwriting math alphabet `\mathfrak' in version `bold'
(Font)                  U/euf/m/n --> U/euf/b/n on input line 106.
))
(/nix/store/wf1w3ggfd22nahnpsrpr3fvsmzwsxkij-texlive-combined-2025-texmfdist/te
x/generic/babel/babel.sty
Package: babel 2026/02/14 v26.3 The multilingual framework for LuaLaTeX, pdfLaT
eX and XeLaTeX

(/nix/store/wf1w3ggfd22nahnpsrpr3fvsmzwsxkij-texlive-combined-2025-texmfdist/te
x/generic/babel/luababel.def
\bbl@readstream=\read2
\l@dumylang=\language2
Package babel Info: Non-standard hyphenation setup on input line 118.
\l@nohyphenation=\language3
\l@german-x-2024-02-28=\language4
\l@ngerman-x-2024-02-28=\language5
\l@albanian=\language6
\l@basque=\language7
\l@catalan=\language8
\l@croatian=\language9
\l@czech=\language10
\l@danish=\language11
\l@dutch=\language12
\l@ukenglish=\language13
\l@usenglishmax=\language14
\l@estonian=\language15
\l@finnish=\language16
\l@schoolfinnish=\language17
\l@french=\language18
\l@friulan=\language19
\l@galician=\language20
\l@german=\language21
\l@ngerman=\language22
\l@swissgerman=\language23
\l@hungarian=\language24
\l@icelandic=\language25
\l@irish=\language26
\l@italian=\language27
\l@kurmanji=\language28
\l@classiclatin=\language29
\l@latin=\language30
\l@liturgicallatin=\language31
\l@latvian=\language32
\l@lithuanian=\language33
\l@macedonian=\language34
\l@bokmal=\language35
\l@nynorsk=\language36
\l@occitan=\language37
\l@piedmontese=\language38
\l@polish=\language39
\l@portuguese=\language40
\l@romanian=\language41
\l@romansh=\language42
\l@slovak=\language43
\l@slovenian=\language44
\l@spanish=\language45
\l@swedish=\language46
\l@turkish=\language47
\l@uppersorbian=\language48
\l@welsh=\language49
\babelcatcodetablenum=\catcodetable14
\bbl@pattcodes=\catcodetable15
)
\babel@savecnt=\count284
LaTeX Encoding Info:    Redeclaring text command \ij (encoding OT1) on input li
ne 2078.
LaTeX Encoding Info:    Redeclaring text command \IJ (encoding OT1) on input li
ne 2080.
LaTeX Encoding Info:    Redeclaring text command \ij (encoding T1) on input lin
e 2082.
LaTeX Encoding Info:    Redeclaring text command \IJ (encoding T1) on input lin
e 2083.
LaTeX Encoding Info:    Ignoring declaration for text command \ij (encoding ?) 
on input line 2084.
LaTeX Encoding Info:    Ignoring declaration for text command \IJ (encoding ?) 
on input line 2086.
LaTeX Encoding Info:    Ignoring declaration for text command \SS (encoding ?) 
on input line 2111.
\U@D=\dimen156
\l@unhyphenated=\language50

(/nix/store/wf1w3ggfd22nahnpsrpr3fvsmzwsxkij-texlive-combined-2025-texmfdist/te
x/generic/babel/luababel.def
\bbl@attr@locale=\attribute4
)
(/nix/store/wf1w3ggfd22nahnpsrpr3fvsmzwsxkij-texlive-combined-2025-texmfdist/te
x/generic/babel/locale/fr/babel-french.tex)
Package babel Info: Importing font and identification data for french
(babel)             from babel-fr.ini. Reported on input line 4330.

(/nix/store/wf1w3ggfd22nahnpsrpr3fvsmzwsxkij-texlive-combined-2025-texmfdist/te
x/generic/babel-french/french.ldf
Language: french 2025-08-15 v4.0e French support from the babel system
\FB@spacing=\attribute5
\FB@addDPspace=\attribute6
\FB@ucsNBSP=\attribute7
\FBguill@level=\count285
\FBold@everypar=\toks20
\FB@Mht=\dimen157
\mc@charclass=\count286
\mc@charfam=\count287
\mc@charslot=\count288
\std@mcc=\count289
\dec@mcc=\count290
Inserting `frenchb.french_punctuation' in `kerning'.
Inserting `frenchb.euphonic_t' in `pre_linebreak_filter'.
\FB@pardim=\dimen158
\listindentFB=\dimen159
\descindentFB=\dimen160
\labelindentFB=\dimen161
\labelwidthFB=\dimen162
\leftmarginFB=\dimen163
\parindentFFN=\dimen164
\FBfnindent=\dimen165

(/nix/store/wf1w3ggfd22nahnpsrpr3fvsmzwsxkij-texlive-combined-2025-texmfdist/te
x/generic/hyph-utf8/loadhyph/loadhyph-fr.tex UTF-8 French hyphenation patterns
(/nix/store/wf1w3ggfd22nahnpsrpr3fvsmzwsxkij-texlive-combined-2025-texmfdist/te
x/generic/hyph-utf8/patterns/tex/hyph-fr.tex)
(/nix/store/wf1w3ggfd22nahnpsrpr3fvsmzwsxkij-texlive-combined-2025-texmfdist/te
x/generic/hyph-utf8/patterns/quote/hyph-quote-fr.tex))))
(/nix/store/wf1w3ggfd22nahnpsrpr3fvsmzwsxkij-texlive-combined-2025-texmfdist/te
x/latex/carlisle/scalefnt.sty)
(/nix/store/wf1w3ggfd22nahnpsrpr3fvsmzwsxkij-texlive-combined-2025-texmfdist/te
x/latex/amsmath/amsmath.sty
Package: amsmath 2025/07/09 v2.17z AMS math features
\@mathmargin=\skip51

For additional information on amsmath, use the `?' option.

(/nix/store/wf1w3ggfd22nahnpsrpr3fvsmzwsxkij-texlive-combined-2025-texmfdist/te
x/latex/amsmath/amstext.sty
Package: amstext 2024/11/17 v2.01 AMS text

(/nix/store/wf1w3ggfd22nahnpsrpr3fvsmzwsxkij-texlive-combined-2025-texmfdist/te
x/latex/amsmath/amsgen.sty
File: amsgen.sty 1999/11/30 v2.0 generic functions
\@emptytoks=\toks21
\ex@=\dimen166
))
(/nix/store/wf1w3ggfd22nahnpsrpr3fvsmzwsxkij-texlive-combined-2025-texmfdist/te
x/latex/amsmath/amsbsy.sty
Package: amsbsy 1999/11/29 v1.2d Bold Symbols
\pmbraise@=\dimen167
)
(/nix/store/wf1w3ggfd22nahnpsrpr3fvsmzwsxkij-texlive-combined-2025-texmfdist/te
x/latex/amsmath/amsopn.sty
Package: amsopn 2022/04/08 v2.04 operator names
)
\inf@bad=\count291
LaTeX Info: Redefining \frac on input line 235.
\uproot@=\count292
\leftroot@=\count293
LaTeX Info: Redefining \overline on input line 398.
LaTeX Info: Redefining \colon on input line 409.
\classnum@=\count294
\DOTSCASE@=\count295
LaTeX Info: Redefining \ldots on input line 495.
LaTeX Info: Redefining \dots on input line 498.
LaTeX Info: Redefining \cdots on input line 619.
\Mathstrutbox@=\box53
\strutbox@=\box54
LaTeX Info: Redefining \big on input line 721.
LaTeX Info: Redefining \Big on input line 722.
LaTeX Info: Redefining \bigg on input line 723.
LaTeX Info: Redefining \Bigg on input line 724.
\big@size=\dimen168
LaTeX Font Info:    Redeclaring font encoding OML on input line 742.
LaTeX Font Info:    Redeclaring font encoding OMS on input line 743.
\macc@depth=\count296
LaTeX Info: Redefining \bmod on input line 904.
LaTeX Info: Redefining \pmod on input line 909.
LaTeX Info: Redefining \smash on input line 939.
LaTeX Info: Redefining \relbar on input line 969.
LaTeX Info: Redefining \Relbar on input line 970.
\c@MaxMatrixCols=\count297
\dotsspace@=\muskip17
\c@parentequation=\count298
\dspbrk@lvl=\count299
\tag@help=\toks22
\row@=\count300
\column@=\count301
\maxfields@=\count302
\andhelp@=\toks23
\eqnshift@=\dimen169
\alignsep@=\dimen170
\tagshift@=\dimen171
\tagwidth@=\dimen172
\totwidth@=\dimen173
\lineht@=\dimen174
\@envbody=\toks24
\multlinegap=\skip52
\multlinetaggap=\skip53
\mathdisplay@stack=\toks25
LaTeX Info: Redefining \[ on input line 2950.
LaTeX Info: Redefining \] on input line 2951.
)
(/nix/store/wf1w3ggfd22nahnpsrpr3fvsmzwsxkij-texlive-combined-2025-texmfdist/te
x/latex/fontspec/fontspec.sty
(/nix/store/wf1w3ggfd22nahnpsrpr3fvsmzwsxkij-texlive-combined-2025-texmfdist/te
x/latex/l3packages/xparse/xparse.sty
(/nix/store/wf1w3ggfd22nahnpsrpr3fvsmzwsxkij-texlive-combined-2025-texmfdist/te
x/latex/l3kernel/expl3.sty
Package: expl3 2026-01-19 L3 programming layer (loader) 

(/nix/store/wf1w3ggfd22nahnpsrpr3fvsmzwsxkij-texlive-combined-2025-texmfdist/te
x/latex/l3backend/l3backend-luatex.def
File: l3backend-luatex.def 2025-10-09 L3 backend support: PDF output (LuaTeX)
\l__color_backend_stack_int=\count303
Inserting `l3color' in `luaotfload.parse_color'.))
Package: xparse 2025-10-09 L3 Experimental document command parser
)
Package: fontspec 2025/09/29 v2.9g Font selection for XeLaTeX and LuaLaTeX
Lua module: fontspec 2025/09/29 v2.9g Font selection for XeLaTeX and LuaLaTeX
(/nix/store/wf1w3ggfd22nahnpsrpr3fvsmzwsxkij-texlive-combined-2025-texmfdist/te
x/latex/fontspec/fontspec-luatex.sty
Package: fontspec-luatex 2025/09/29 v2.9g Font selection for XeLaTeX and LuaLaT
eX
\l__fontspec_script_int=\count304
\l__fontspec_language_int=\count305
\l__fontspec_strnum_int=\count306
\l__fontspec_tmp_int=\count307
\l__fontspec_tmpa_int=\count308
\l__fontspec_tmpb_int=\count309
\l__fontspec_tmpc_int=\count310
\l__fontspec_em_int=\count311
\l__fontspec_emdef_int=\count312
\l__fontspec_strong_int=\count313
\l__fontspec_strongdef_int=\count314
\l__fontspec_tmpa_dim=\dimen175
\l__fontspec_tmpb_dim=\dimen176
\l__fontspec_tmpc_dim=\dimen177

(/nix/store/wf1w3ggfd22nahnpsrpr3fvsmzwsxkij-texlive-combined-2025-texmfdist/te
x/latex/base/fontenc.sty
Package: fontenc 2025/07/18 v2.1d Standard LaTeX package
)
(/nix/store/wf1w3ggfd22nahnpsrpr3fvsmzwsxkij-texlive-combined-2025-texmfdist/te
x/latex/fontspec/fontspec.cfg)))
(/nix/store/wf1w3ggfd22nahnpsrpr3fvsmzwsxkij-texlive-combined-2025-texmfdist/te
x/latex/graphics/graphicx.sty
Package: graphicx 2024/12/31 v1.2e Enhanced LaTeX Graphics (DPC,SPQR)

(/nix/store/wf1w3ggfd22nahnpsrpr3fvsmzwsxkij-texlive-combined-2025-texmfdist/te
x/latex/graphics/graphics.sty
Package: graphics 2024/08/06 v1.4g Standard LaTeX Graphics (DPC,SPQR)

(/nix/store/wf1w3ggfd22nahnpsrpr3fvsmzwsxkij-texlive-combined-2025-texmfdist/te
x/latex/graphics/trig.sty
Package: trig 2023/12/02 v1.11 sin cos tan (DPC)
)
(/nix/store/wf1w3ggfd22nahnpsrpr3fvsmzwsxkij-texlive-combined-2025-texmfdist/te
x/latex/graphics-cfg/graphics.cfg
File: graphics.cfg 2016/06/04 v1.11 sample graphics configuration
)
Package graphics Info: Driver file: luatex.def on input line 106.

(/nix/store/wf1w3ggfd22nahnpsrpr3fvsmzwsxkij-texlive-combined-2025-texmfdist/te
x/latex/graphics-def/luatex.def
File: luatex.def 2025/09/29 v1.2f Graphics/color driver for luatex
))
\Gin@req@height=\dimen178
\Gin@req@width=\dimen179
)
(/nix/store/wf1w3ggfd22nahnpsrpr3fvsmzwsxkij-texlive-combined-2025-texmfdist/te
x/latex/tools/longtable.sty
Package: longtable 2025-10-13 v4.24 Multi-page Table package (DPC)
\LTleft=\skip54
\LTright=\skip55
\LTpre=\skip56
\LTpost=\skip57
\LTchunksize=\count315
\LTcapwidth=\dimen180
\LT@head=\box55
\LT@firsthead=\box56
\LT@foot=\box57
\LT@lastfoot=\box58
\LT@gbox=\box59
\LT@cols=\count316
\LT@rows=\count317
\c@LT@tables=\count318
\c@LT@chunks=\count319
\LT@p@ftn=\toks26
)
(/nix/store/wf1w3ggfd22nahnpsrpr3fvsmzwsxkij-texlive-combined-2025-texmfdist/te
x/latex/wrapfig/wrapfig.sty
\wrapoverhang=\dimen181
\WF@size=\dimen182
\c@WF@wrappedlines=\count320
\WF@box=\box60
\WF@everypar=\toks27
Package: wrapfig 2003/01/31  v 3.6
)
(/nix/store/wf1w3ggfd22nahnpsrpr3fvsmzwsxkij-texlive-combined-2025-texmfdist/te
x/latex/graphics/rotating.sty
Package: rotating 2025/01/14 v2.16e rotated objects in LaTeX

(/nix/store/wf1w3ggfd22nahnpsrpr3fvsmzwsxkij-texlive-combined-2025-texmfdist/te
x/latex/base/ifthen.sty
Package: ifthen 2024/03/16 v1.1e Standard LaTeX ifthen package (DPC)
)
\c@r@tfl@t=\count321
\rotFPtop=\skip58
\rotFPbot=\skip59
\rot@float@box=\box61
\rot@mess@toks=\toks28
)
(/nix/store/wf1w3ggfd22nahnpsrpr3fvsmzwsxkij-texlive-combined-2025-texmfdist/te
x/generic/ulem/ulem.sty
\UL@box=\box62
\UL@hyphenbox=\box63
\UL@skip=\skip60
\UL@hook=\toks29
\UL@height=\dimen183
\UL@pe=\count322
\UL@pixel=\dimen184
\ULC@box=\box64
Package: ulem 2019/11/18
\ULdepth=\dimen185
)
(/nix/store/wf1w3ggfd22nahnpsrpr3fvsmzwsxkij-texlive-combined-2025-texmfdist/te
x/latex/capt-of/capt-of.sty
Package: capt-of 2009/12/29 v0.2 standard captions outside of floats
)
(/nix/store/wf1w3ggfd22nahnpsrpr3fvsmzwsxkij-texlive-combined-2025-texmfdist/te
x/latex/hyperref/hyperref.sty
Package: hyperref 2026-01-29 v7.01p Hypertext links for LaTeX

(/nix/store/wf1w3ggfd22nahnpsrpr3fvsmzwsxkij-texlive-combined-2025-texmfdist/te
x/latex/kvsetkeys/kvsetkeys.sty
Package: kvsetkeys 2022-10-05 v1.19 Key value parser (HO)
)
(/nix/store/wf1w3ggfd22nahnpsrpr3fvsmzwsxkij-texlive-combined-2025-texmfdist/te
x/generic/kvdefinekeys/kvdefinekeys.sty
Package: kvdefinekeys 2019-12-19 v1.6 Define keys (HO)
)
(/nix/store/wf1w3ggfd22nahnpsrpr3fvsmzwsxkij-texlive-combined-2025-texmfdist/te
x/generic/pdfescape/pdfescape.sty
Package: pdfescape 2019/12/09 v1.15 Implements pdfTeX's escape features (HO)

(/nix/store/wf1w3ggfd22nahnpsrpr3fvsmzwsxkij-texlive-combined-2025-texmfdist/te
x/generic/ltxcmds/ltxcmds.sty
Package: ltxcmds 2023-12-04 v1.26 LaTeX kernel commands for general use (HO)
)
(/nix/store/wf1w3ggfd22nahnpsrpr3fvsmzwsxkij-texlive-combined-2025-texmfdist/te
x/generic/pdftexcmds/pdftexcmds.sty
Package: pdftexcmds 2020-06-27 v0.33 Utility functions of pdfTeX for LuaTeX (HO
)

(/nix/store/wf1w3ggfd22nahnpsrpr3fvsmzwsxkij-texlive-combined-2025-texmfdist/te
x/generic/infwarerr/infwarerr.sty
Package: infwarerr 2019/12/03 v1.5 Providing info/warning/error messages (HO)
)
Package pdftexcmds Info: \pdf@primitive is available.
Package pdftexcmds Info: \pdf@ifprimitive is available.
Package pdftexcmds Info: \pdfdraftmode found.
\pdftexcmds@toks=\toks30
))
(/nix/store/wf1w3ggfd22nahnpsrpr3fvsmzwsxkij-texlive-combined-2025-texmfdist/te
x/latex/hycolor/hycolor.sty
Package: hycolor 2020-01-27 v1.10 Color options for hyperref/bookmark (HO)
)
(/nix/store/wf1w3ggfd22nahnpsrpr3fvsmzwsxkij-texlive-combined-2025-texmfdist/te
x/latex/hyperref/nameref.sty
Package: nameref 2026-01-29 v2.58 Cross-referencing by name of section

(/nix/store/wf1w3ggfd22nahnpsrpr3fvsmzwsxkij-texlive-combined-2025-texmfdist/te
x/latex/refcount/refcount.sty
Package: refcount 2019/12/15 v3.6 Data extraction from label references (HO)
)
(/nix/store/wf1w3ggfd22nahnpsrpr3fvsmzwsxkij-texlive-combined-2025-texmfdist/te
x/generic/gettitlestring/gettitlestring.sty
Package: gettitlestring 2019/12/15 v1.6 Cleanup title references (HO)

(/nix/store/wf1w3ggfd22nahnpsrpr3fvsmzwsxkij-texlive-combined-2025-texmfdist/te
x/latex/kvoptions/kvoptions.sty
Package: kvoptions 2022-06-15 v3.15 Key value format for package options (HO)
))
\c@section@level=\count323
)
(/nix/store/wf1w3ggfd22nahnpsrpr3fvsmzwsxkij-texlive-combined-2025-texmfdist/te
x/latex/etoolbox/etoolbox.sty
Package: etoolbox 2025/10/02 v2.5m e-TeX tools for LaTeX (JAW)
\etb@tempcnta=\count324
)
(/nix/store/wf1w3ggfd22nahnpsrpr3fvsmzwsxkij-texlive-combined-2025-texmfdist/te
x/generic/stringenc/stringenc.sty
Package: stringenc 2019/11/29 v1.12 Convert strings between diff. encodings (HO
)
)
\@linkdim=\dimen186
\Hy@linkcounter=\count325
\Hy@pagecounter=\count326

(/nix/store/wf1w3ggfd22nahnpsrpr3fvsmzwsxkij-texlive-combined-2025-texmfdist/te
x/latex/hyperref/pd1enc.def
File: pd1enc.def 2026-01-29 v7.01p Hyperref: PDFDocEncoding definition (HO)
)
(/nix/store/wf1w3ggfd22nahnpsrpr3fvsmzwsxkij-texlive-combined-2025-texmfdist/te
x/generic/intcalc/intcalc.sty
Package: intcalc 2019/12/15 v1.3 Expandable calculations with integers (HO)
)
\Hy@SavedSpaceFactor=\count327

(/nix/store/wf1w3ggfd22nahnpsrpr3fvsmzwsxkij-texlive-combined-2025-texmfdist/te
x/latex/hyperref/puenc.def
File: puenc.def 2026-01-29 v7.01p Hyperref: PDF Unicode definition (HO)
)
Package hyperref Info: Hyper figures OFF on input line 4201.
Package hyperref Info: Link nesting OFF on input line 4206.
Package hyperref Info: Hyper index ON on input line 4209.
Package hyperref Info: Plain pages OFF on input line 4216.
Package hyperref Info: Backreferencing OFF on input line 4221.
Package hyperref Info: Implicit mode ON; LaTeX internals redefined.
Package hyperref Info: Bookmarks ON on input line 4468.
\c@Hy@tempcnt=\count328

(/nix/store/wf1w3ggfd22nahnpsrpr3fvsmzwsxkij-texlive-combined-2025-texmfdist/te
x/latex/url/url.sty
\Urlmuskip=\muskip18
Package: url 2013/09/16  ver 3.4  Verb mode for urls, etc.
)
LaTeX Info: Redefining \url on input line 4807.
\XeTeXLinkMargin=\dimen187

(/nix/store/wf1w3ggfd22nahnpsrpr3fvsmzwsxkij-texlive-combined-2025-texmfdist/te
x/generic/bitset/bitset.sty
Package: bitset 2019/12/09 v1.3 Handle bit-vector datatype (HO)

(/nix/store/wf1w3ggfd22nahnpsrpr3fvsmzwsxkij-texlive-combined-2025-texmfdist/te
x/generic/bigintcalc/bigintcalc.sty
Package: bigintcalc 2019/12/15 v1.5 Expandable calculations on big integers (HO
)
))
\Fld@menulength=\count329
\Field@Width=\dimen188
\Fld@charsize=\dimen189
Package hyperref Info: Hyper figures OFF on input line 6084.
Package hyperref Info: Link nesting OFF on input line 6089.
Package hyperref Info: Hyper index ON on input line 6092.
Package hyperref Info: backreferencing OFF on input line 6099.
Package hyperref Info: Link coloring OFF on input line 6104.
Package hyperref Info: Link coloring with OCG OFF on input line 6109.
Package hyperref Info: PDF/A mode OFF on input line 6114.
\Hy@abspage=\count330
\c@Item=\count331
\c@Hfootnote=\count332
)
Package hyperref Info: Driver (autodetected): hluatex.

(/nix/store/wf1w3ggfd22nahnpsrpr3fvsmzwsxkij-texlive-combined-2025-texmfdist/te
x/latex/hyperref/hluatex.def
File: hluatex.def 2026-01-29 v7.01p Hyperref driver for luaTeX
\Fld@listcount=\count333
\c@bookmark@seq@number=\count334

(/nix/store/wf1w3ggfd22nahnpsrpr3fvsmzwsxkij-texlive-combined-2025-texmfdist/te
x/latex/rerunfilecheck/rerunfilecheck.sty
Package: rerunfilecheck 2025-06-21 v1.11 Rerun checks for auxiliary files (HO)

(/nix/store/wf1w3ggfd22nahnpsrpr3fvsmzwsxkij-texlive-combined-2025-texmfdist/te
x/generic/uniquecounter/uniquecounter.sty
Package: uniquecounter 2019/12/15 v1.4 Provide unlimited unique counter (HO)
)
Package uniquecounter Info: New unique counter `rerunfilecheck' on input line 2
84.
)
\Hy@SectionHShift=\skip61
) (./keybinds.aux)
\openout1 = keybinds.aux

LaTeX Font Info:    Checking defaults for OML/cmm/m/it on input line 27.
LaTeX Font Info:    ... okay on input line 27.
LaTeX Font Info:    Checking defaults for OMS/cmsy/m/n on input line 27.
LaTeX Font Info:    ... okay on input line 27.
LaTeX Font Info:    Checking defaults for OT1/cmr/m/n on input line 27.
LaTeX Font Info:    ... okay on input line 27.
LaTeX Font Info:    Checking defaults for T1/cmr/m/n on input line 27.
LaTeX Font Info:    ... okay on input line 27.
LaTeX Font Info:    Checking defaults for TS1/cmr/m/n on input line 27.
LaTeX Font Info:    ... okay on input line 27.
LaTeX Font Info:    Checking defaults for TU/lmr/m/n on input line 27.
LaTeX Font Info:    ... okay on input line 27.
LaTeX Font Info:    Checking defaults for OMX/cmex/m/n on input line 27.
LaTeX Font Info:    ... okay on input line 27.
LaTeX Font Info:    Checking defaults for U/cmr/m/n on input line 27.
LaTeX Font Info:    ... okay on input line 27.
LaTeX Font Info:    Checking defaults for PD1/pdf/m/n on input line 27.
LaTeX Font Info:    ... okay on input line 27.
LaTeX Font Info:    Checking defaults for PU/pdf/m/n on input line 27.
LaTeX Font Info:    ... okay on input line 27.

*geometry* driver: auto-detecting
*geometry* detected driver: luatex
*geometry* verbose mode - [ preamble ] result:
* driver: luatex
* paper: letterpaper
* layout: <same size as paper>
* layoutoffset:(h,v)=(0.0pt,0.0pt)
* modes: 
* h-part:(L,W,R)=(85.35826pt, 443.57848pt, 85.35826pt)
* v-part:(T,H,B)=(85.35826pt, 624.25346pt, 85.35826pt)
* \paperwidth=614.295pt
* \paperheight=794.96999pt
* \textwidth=443.57848pt
* \textheight=624.25346pt
* \oddsidemargin=13.08827pt
* \evensidemargin=13.08827pt
* \topmargin=-23.91173pt
* \headheight=12.0pt
* \headsep=25.0pt
* \topskip=12.0pt
* \footskip=30.0pt
* \marginparwidth=44.0pt
* \marginparsep=10.0pt
* \columnsep=10.0pt
* \skip\footins=10.8pt plus 4.0pt minus 2.0pt
* \hoffset=0.0pt
* \voffset=0.0pt
* \mag=1000
* \@twocolumnfalse
* \@twosidefalse
* \@mparswitchfalse
* \@reversemarginfalse
* (1in=72.27pt=25.4mm, 1cm=28.453pt)


Package fontspec Info: 
(fontspec)             Adjusting the maths setup (use [no-math] to avoid
(fontspec)             this).

\symlegacymaths=\mathgroup6
LaTeX Font Info:    Overwriting symbol font `legacymaths' in version `bold'
(Font)                  OT1/cmr/m/n --> OT1/cmr/bx/n on input line 27.
LaTeX Font Info:    Redeclaring math accent \acute on input line 27.
LaTeX Font Info:    Redeclaring math accent \grave on input line 27.
LaTeX Font Info:    Redeclaring math accent \ddot on input line 27.
LaTeX Font Info:    Redeclaring math accent \tilde on input line 27.
LaTeX Font Info:    Redeclaring math accent \bar on input line 27.
LaTeX Font Info:    Redeclaring math accent \breve on input line 27.
LaTeX Font Info:    Redeclaring math accent \check on input line 27.
LaTeX Font Info:    Redeclaring math accent \hat on input line 27.
LaTeX Font Info:    Redeclaring math accent \dot on input line 27.
LaTeX Font Info:    Redeclaring math accent \mathring on input line 27.
LaTeX Font Info:    Redeclaring math symbol \Gamma on input line 27.
LaTeX Font Info:    Redeclaring math symbol \Delta on input line 27.
LaTeX Font Info:    Redeclaring math symbol \Theta on input line 27.
LaTeX Font Info:    Redeclaring math symbol \Lambda on input line 27.
LaTeX Font Info:    Redeclaring math symbol \Xi on input line 27.
LaTeX Font Info:    Redeclaring math symbol \Pi on input line 27.
LaTeX Font Info:    Redeclaring math symbol \Sigma on input line 27.
LaTeX Font Info:    Redeclaring math symbol \Upsilon on input line 27.
LaTeX Font Info:    Redeclaring math symbol \Phi on input line 27.
LaTeX Font Info:    Redeclaring math symbol \Psi on input line 27.
LaTeX Font Info:    Redeclaring math symbol \Omega on input line 27.
LaTeX Font Info:    Redeclaring math symbol \mathdollar on input line 27.
LaTeX Font Info:    Redeclaring symbol font `operators' on input line 27.
LaTeX Font Info:    Encoding `OT1' has changed to `TU' for symbol font
(Font)              `operators' in the math version `normal' on input line 27.
LaTeX Font Info:    Overwriting symbol font `operators' in version `normal'
(Font)                  OT1/cmr/m/n --> TU/lmr/m/n on input line 27.
LaTeX Font Info:    Encoding `OT1' has changed to `TU' for symbol font
(Font)              `operators' in the math version `bold' on input line 27.
LaTeX Font Info:    Overwriting symbol font `operators' in version `bold'
(Font)                  OT1/cmr/bx/n --> TU/lmr/m/n on input line 27.
LaTeX Font Info:    Overwriting symbol font `operators' in version `normal'
(Font)                  TU/lmr/m/n --> TU/lmr/m/n on input line 27.
LaTeX Font Info:    Overwriting math alphabet `\mathit' in version `normal'
(Font)                  OT1/cmr/m/it --> TU/lmr/m/it on input line 27.
LaTeX Font Info:    Overwriting math alphabet `\mathbf' in version `normal'
(Font)                  OT1/cmr/bx/n --> TU/lmr/b/n on input line 27.
LaTeX Font Info:    Overwriting math alphabet `\mathsf' in version `normal'
(Font)                  OT1/cmss/m/n --> TU/lmss/m/n on input line 27.
LaTeX Font Info:    Overwriting math alphabet `\mathtt' in version `normal'
(Font)                  OT1/cmtt/m/n --> TU/lmtt/m/n on input line 27.
LaTeX Font Info:    Overwriting symbol font `operators' in version `bold'
(Font)                  TU/lmr/m/n --> TU/lmr/b/n on input line 27.
LaTeX Font Info:    Overwriting math alphabet `\mathit' in version `bold'
(Font)                  OT1/cmr/bx/it --> TU/lmr/b/it on input line 27.
LaTeX Font Info:    Overwriting math alphabet `\mathsf' in version `bold'
(Font)                  OT1/cmss/bx/n --> TU/lmss/b/n on input line 27.
LaTeX Font Info:    Overwriting math alphabet `\mathtt' in version `bold'
(Font)                  OT1/cmtt/m/n --> TU/lmtt/b/n on input line 27.

(/nix/store/wf1w3ggfd22nahnpsrpr3fvsmzwsxkij-texlive-combined-2025-texmfdist/te
x/context/base/mkii/supp-pdf.mkii
[Loading MPS to PDF converter (version 2006.09.02).]
\scratchcounter=\count335
\scratchdimen=\dimen190
\scratchbox=\box65
\nofMPsegments=\count336
\nofMParguments=\count337
\everyMPshowfont=\toks31
\MPscratchCnt=\count338
\MPscratchDim=\dimen191
\MPnumerator=\count339
\makeMPintoPDFobject=\count340
\everyMPtoPDFconversion=\toks32
)
(/nix/store/wf1w3ggfd22nahnpsrpr3fvsmzwsxkij-texlive-combined-2025-texmfdist/te
x/latex/epstopdf-pkg/epstopdf-base.sty
Package: epstopdf-base 2020-01-24 v2.11 Base part for package epstopdf
Package epstopdf-base Info: Redefining graphics rule for `.eps' on input line 4
85.

(/nix/store/wf1w3ggfd22nahnpsrpr3fvsmzwsxkij-texlive-combined-2025-texmfdist/te
x/latex/latexconfig/epstopdf-sys.cfg
File: epstopdf-sys.cfg 2010/07/13 v1.3 Configuration of (r)epstopdf for TeX Liv
e
))
Package hyperref Info: Link coloring OFF on input line 27.
 (./keybinds.out) (./keybinds.out)
\@outlinefile=\write3

\openout3 = keybinds.out
LaTeX Font Info:    Trying to load font information for U+msa on input line 30.


(/nix/store/wf1w3ggfd22nahnpsrpr3fvsmzwsxkij-texlive-combined-2025-texmfdist/te
x/latex/amsfonts/umsa.fd
File: umsa.fd 2013/01/14 v3.01 AMS symbols A
)
LaTeX Font Info:    Trying to load font information for U+msb on input line 30.


(/nix/store/wf1w3ggfd22nahnpsrpr3fvsmzwsxkij-texlive-combined-2025-texmfdist/te
x/latex/amsfonts/umsb.fd
File: umsb.fd 2013/01/14 v3.01 AMS symbols B
)

LaTeX Warning: No \author given.

[1

{/nix/store/v3p285mj0625p76py3mw31lr2a7vf07j-texlive-combined-2025/share/texmf-v
ar/fonts/map/pdftex/updmap/pdftex.map}] (./keybinds.aux)
 ***********
LaTeX2e <2025-11-01>
L3 programming layer <2026-01-19>
 ***********
Package rerunfilecheck Info: File `keybinds.out' has not changed.
(rerunfilecheck)             Checksum: D41D8CD98F00B204E9800998ECF8427E;0.
)

Here is how much of LuaTeX's memory you used:
 14975 strings out of 476076
 100000,794899 words of node,token memory allocated
 678 words of node memory still in use:
   7 hlist, 2 vlist, 2 rule, 9 glue, 4 kern, 1 penalty, 2 glyph, 45 attribute, 6
0 glue_spec, 10 attribute_list, 1 write nodes
   avail lists: 1:1,2:1230,3:42,4:4,5:234,6:9,7:4816,8:1,9:471,10:4,11:276
 37160 multiletter control sequences out of 65536+600000
 59 fonts using 3922575 bytes
 73i,6n,75p,240b,360s stack positions out of 10000i,1000n,20000p,200000b,200000s
</nix/store/swxn2kgfg47a8r0igh45r51c7x3mk92s-lm-2.005-tex/fonts/opentype/public/
lm/lmroman12-regular.otf></nix/store/swxn2kgfg47a8r0igh45r51c7x3mk92s-lm-2.005-t
ex/fonts/opentype/public/lm/lmroman17-regular.otf>
Output written on keybinds.pdf (1 page, 10930 bytes).

PDF statistics: 27 PDF objects out of 1000 (max. 8388607)
 17 compressed objects within 1 object stream
 2 named destinations out of 1000 (max. 131072)
 1 words of extra memory for PDF output out of 10000 (max. 100000000)

